// Jest Snapshot v1, https://goo.gl/fbAQLP

exports[`should render ExpenseListItem 1`] = `
<div>
  <Link
    replace={false}
    to="/edit/1"
  >
    <h4>
      Gum
    </h4>
  </Link>
  <p>
    $1.95
  </p>
  <p>
    01/01/1970
  </p>
</div>
`;
